ef781fb003df687a5321f0a4c1bbd410e7c22cf3
$ bun run build && cd demo && bunx expo export -p web
$ bun run clean && tsgo -p tsconfig.build.json
$ rm -rf dist
React Compiler enabled
Starting Metro Bundler
Static rendering is enabled. Learn more: https://docs.expo.dev/router/reference/static-rendering/
Web Bundled 1182ms node_modules/expo-router/entry.js (1305 modules)
λ Bundled 1198ms node_modules/expo-router/node/render.js (574 modules)

› web bundles (2):
_expo/static/css/web-e55e570c6bcbbaf7b858d55a4ff8a7b5.css (16.8 kB)
_expo/static/js/web/entry-615232d5cebe6e9d129cb4fed12e9648.js (5.75 MB)

› Static routes (44):
/ (index) (44.7 kB)
/showcase (47.4 kB)
/_sitemap (17.5 kB)
/+not-found (17.5 kB)
/gallery/empty (23.5 kB)
/gallery/day-15 (53.3 kB)
/gallery/day-30 (39.3 kB)
/gallery/day-60 (32.3 kB)
/gallery/equal-z (27.3 kB)
/gallery/week-15 (27.5 kB)
/gallery/week-30 (27.5 kB)
/gallery/week-60 (27.5 kB)
/gallery/20-lanes (34.9 kB)
/gallery/dst-week (75.4 kB)
/gallery/month-15 (34.7 kB)
/gallery/month-30 (34.7 kB)
/gallery/month-60 (34.7 kB)
/gallery/200-lanes (110 kB)
/gallery/never-set (28.4 kB)
/gallery/every-zone (27.6 kB)
/gallery/two-layers (27.4 kB)
/gallery/single-lane (27.3 kB)
/gallery/adapter-caps (30.1 kB)
/gallery/full-day-gap (27.3 kB)
/gallery/default-zones (27.9 kB)
/gallery/schedule-apia (24.3 kB)
/gallery/schedule-fall (24.3 kB)
/gallery/sort-coverage (108 kB)
/gallery/adapter-weekly (28.9 kB)
/gallery/booking-in-gap (27.3 kB)
/gallery/highlight-rule (35.5 kB)
/gallery/schedule-empty (24.3 kB)
/gallery/interval-detail (33.1 kB)
/gallery/mixed-timezones (75.6 kB)
/gallery/schedule-layers (24.3 kB)
/gallery/schedule-spring (24.3 kB)
/gallery/adapter-overrides (29.7 kB)
/gallery/schedule-excluded (24.3 kB)
/gallery/schedule-midnight (24.3 kB)
/gallery/schedule-lord-howe (24.3 kB)
/gallery/schedule-every-zone (26 kB)
/gallery/schedule-incomplete (24.3 kB)
/gallery/incomplete-expansion (27.4 kB)
/gallery/schedule-side-by-side (28.3 kB)

Exported: dist
dist/src/components/roster/focus-safe-clip.web.js:4:exports.focusSafeClip = { overflow: 'hidden' };
src/components/roster/focus-safe-clip.web.ts:3:export const focusSafeClip = { overflow: 'hidden' } satisfies ViewStyle;
391:__d(function(g,r,i,a,m,e,d){"use strict";Object.defineProperty(e,"__esModule",{value:!0}),e.focusSafeClip=void 0,e.focusSafeClip={overflow:'hidden'}},319,[]);
$ bun run build:web:dev && bun scripts/check-web-performance.ts
$ cd demo && bunx expo export -p web --dev --output-dir .cache/dev-dist
React Compiler enabled
Starting Metro Bundler
Static rendering is enabled. Learn more: https://docs.expo.dev/router/reference/static-rendering/
λ Bundled 915ms node_modules/expo-router/node/render.js (1232 modules)
λ  WARN  Got a component with the name 'u' for the screen '__root'. React Components must start with an uppercase letter. If you're passing a regular function and not a component, pass it as children to 'Screen' instead. Otherwise capitalize your component's name. 
λ  WARN  Got a component with the name 'u' for the screen '__root'. React Components must start with an uppercase letter. If you're passing a regular function and not a component, pass it as children to 'Screen' instead. Otherwise capitalize your component's name. 
λ  WARN  Got a component with the name 'u' for the screen '__root'. React Components must start with an uppercase letter. If you're passing a regular function and not a component, pass it as children to 'Screen' instead. Otherwise capitalize your component's name. 
λ  WARN  Got a component with the name 'u' for the screen '__root'. React Components must start with an uppercase letter. If you're passing a regular function and not a component, pass it as children to 'Screen' instead. Otherwise capitalize your component's name. 
λ  WARN  Got a component with the name 'u' for the screen '__root'. React Components must start with an uppercase letter. If you're passing a regular function and not a component, pass it as children to 'Screen' instead. Otherwise capitalize your component's name. 
λ  WARN  Got a component with the name 'u' for the screen '__root'. React Components must start with an uppercase letter. If you're passing a regular function and not a component, pass it as children to 'Screen' instead. Otherwise capitalize your component's name. 
λ  WARN  Got a component with the name 'u' for the screen '__root'. React Components must start with an uppercase letter. If you're passing a regular function and not a component, pass it as children to 'Screen' instead. Otherwise capitalize your component's name. 
λ  WARN  Got a component with the name 'u' for the screen '__root'. React Components must start with an uppercase letter. If you're passing a regular function and not a component, pass it as children to 'Screen' instead. Otherwise capitalize your component's name. 
λ  WARN  Got a component with the name 'u' for the screen '__root'. React Components must start with an uppercase letter. If you're passing a regular function and not a component, pass it as children to 'Screen' instead. Otherwise capitalize your component's name. 
λ  WARN  Got a component with the name 'u' for the screen '__root'. React Components must start with an uppercase letter. If you're passing a regular function and not a component, pass it as children to 'Screen' instead. Otherwise capitalize your component's name. 
λ  WARN  Got a component with the name 'u' for the screen '__root'. React Components must start with an uppercase letter. If you're passing a regular function and not a component, pass it as children to 'Screen' instead. Otherwise capitalize your component's name. 
λ  WARN  Got a component with the name 'u' for the screen '__root'. React Components must start with an uppercase letter. If you're passing a regular function and not a component, pass it as children to 'Screen' instead. Otherwise capitalize your component's name. 
λ  WARN  Got a component with the name 'u' for the screen '__root'. React Components must start with an uppercase letter. If you're passing a regular function and not a component, pass it as children to 'Screen' instead. Otherwise capitalize your component's name. 
λ  WARN  Got a component with the name 'u' for the screen '__root'. React Components must start with an uppercase letter. If you're passing a regular function and not a component, pass it as children to 'Screen' instead. Otherwise capitalize your component's name. 
λ  WARN  Got a component with the name 'u' for the screen '__root'. React Components must start with an uppercase letter. If you're passing a regular function and not a component, pass it as children to 'Screen' instead. Otherwise capitalize your component's name. 
λ  WARN  Got a component with the name 'u' for the screen '__root'. React Components must start with an uppercase letter. If you're passing a regular function and not a component, pass it as children to 'Screen' instead. Otherwise capitalize your component's name. 
λ  WARN  Got a component with the name 'u' for the screen '__root'. React Components must start with an uppercase letter. If you're passing a regular function and not a component, pass it as children to 'Screen' instead. Otherwise capitalize your component's name. 
λ  WARN  Got a component with the name 'u' for the screen '__root'. React Components must start with an uppercase letter. If you're passing a regular function and not a component, pass it as children to 'Screen' instead. Otherwise capitalize your component's name. 
λ  WARN  Got a component with the name 'u' for the screen '__root'. React Components must start with an uppercase letter. If you're passing a regular function and not a component, pass it as children to 'Screen' instead. Otherwise capitalize your component's name. 
λ  WARN  Got a component with the name 'u' for the screen '__root'. React Components must start with an uppercase letter. If you're passing a regular function and not a component, pass it as children to 'Screen' instead. Otherwise capitalize your component's name. 
λ  WARN  Got a component with the name 'u' for the screen '__root'. React Components must start with an uppercase letter. If you're passing a regular function and not a component, pass it as children to 'Screen' instead. Otherwise capitalize your component's name. 
λ  WARN  Got a component with the name 'u' for the screen '__root'. React Components must start with an uppercase letter. If you're passing a regular function and not a component, pass it as children to 'Screen' instead. Otherwise capitalize your component's name. 
λ  WARN  Got a component with the name 'u' for the screen '__root'. React Components must start with an uppercase letter. If you're passing a regular function and not a component, pass it as children to 'Screen' instead. Otherwise capitalize your component's name. 
λ  WARN  Got a component with the name 'u' for the screen '__root'. React Components must start with an uppercase letter. If you're passing a regular function and not a component, pass it as children to 'Screen' instead. Otherwise capitalize your component's name. 
λ  WARN  Got a component with the name 'u' for the screen '__root'. React Components must start with an uppercase letter. If you're passing a regular function and not a component, pass it as children to 'Screen' instead. Otherwise capitalize your component's name. 
λ  WARN  Got a component with the name 'u' for the screen '__root'. React Components must start with an uppercase letter. If you're passing a regular function and not a component, pass it as children to 'Screen' instead. Otherwise capitalize your component's name. 
λ  WARN  Got a component with the name 'u' for the screen '__root'. React Components must start with an uppercase letter. If you're passing a regular function and not a component, pass it as children to 'Screen' instead. Otherwise capitalize your component's name. 
λ  WARN  Got a component with the name 'u' for the screen '__root'. React Components must start with an uppercase letter. If you're passing a regular function and not a component, pass it as children to 'Screen' instead. Otherwise capitalize your component's name. 
λ  WARN  Got a component with the name 'u' for the screen '__root'. React Components must start with an uppercase letter. If you're passing a regular function and not a component, pass it as children to 'Screen' instead. Otherwise capitalize your component's name. 
λ  WARN  Got a component with the name 'u' for the screen '__root'. React Components must start with an uppercase letter. If you're passing a regular function and not a component, pass it as children to 'Screen' instead. Otherwise capitalize your component's name. 
λ  WARN  Got a component with the name 'u' for the screen '__root'. React Components must start with an uppercase letter. If you're passing a regular function and not a component, pass it as children to 'Screen' instead. Otherwise capitalize your component's name. 
λ  WARN  Got a component with the name 'u' for the screen '__root'. React Components must start with an uppercase letter. If you're passing a regular function and not a component, pass it as children to 'Screen' instead. Otherwise capitalize your component's name. 
λ  WARN  Got a component with the name 'u' for the screen '__root'. React Components must start with an uppercase letter. If you're passing a regular function and not a component, pass it as children to 'Screen' instead. Otherwise capitalize your component's name. 
λ  WARN  Got a component with the name 'u' for the screen '__root'. React Components must start with an uppercase letter. If you're passing a regular function and not a component, pass it as children to 'Screen' instead. Otherwise capitalize your component's name. 
λ  WARN  Got a component with the name 'u' for the screen '__root'. React Components must start with an uppercase letter. If you're passing a regular function and not a component, pass it as children to 'Screen' instead. Otherwise capitalize your component's name. 
λ  WARN  Got a component with the name 'u' for the screen '__root'. React Components must start with an uppercase letter. If you're passing a regular function and not a component, pass it as children to 'Screen' instead. Otherwise capitalize your component's name. 
λ  WARN  Got a component with the name 'u' for the screen '__root'. React Components must start with an uppercase letter. If you're passing a regular function and not a component, pass it as children to 'Screen' instead. Otherwise capitalize your component's name. 
λ  WARN  Got a component with the name 'u' for the screen '__root'. React Components must start with an uppercase letter. If you're passing a regular function and not a component, pass it as children to 'Screen' instead. Otherwise capitalize your component's name. 
λ  WARN  Got a component with the name 'u' for the screen '__root'. React Components must start with an uppercase letter. If you're passing a regular function and not a component, pass it as children to 'Screen' instead. Otherwise capitalize your component's name. 
λ  WARN  Got a component with the name 'u' for the screen '__root'. React Components must start with an uppercase letter. If you're passing a regular function and not a component, pass it as children to 'Screen' instead. Otherwise capitalize your component's name. 
λ  WARN  Got a component with the name 'u' for the screen '__root'. React Components must start with an uppercase letter. If you're passing a regular function and not a component, pass it as children to 'Screen' instead. Otherwise capitalize your component's name. 
λ  WARN  Got a component with the name 'u' for the screen '__root'. React Components must start with an uppercase letter. If you're passing a regular function and not a component, pass it as children to 'Screen' instead. Otherwise capitalize your component's name. 
λ  WARN  Got a component with the name 'u' for the screen '__root'. React Components must start with an uppercase letter. If you're passing a regular function and not a component, pass it as children to 'Screen' instead. Otherwise capitalize your component's name. 
λ  WARN  Got a component with the name 'u' for the screen '__root'. React Components must start with an uppercase letter. If you're passing a regular function and not a component, pass it as children to 'Screen' instead. Otherwise capitalize your component's name. 
Web Bundled 1226ms node_modules/expo-router/entry.js (1377 modules)

› web bundles (2):
_expo/static/css/web-e55e570c6bcbbaf7b858d55a4ff8a7b5.css (16.8 kB)
_expo/static/js/web/entry-d41d8cd98f00b204e9800998ecf8427e.js (6.85 MB)

› Static routes (44):
/ (index) (50.3 kB)
/showcase (55.7 kB)
/_sitemap (21.3 kB)
/+not-found (21.3 kB)
/gallery/empty (27.9 kB)
/gallery/day-15 (63.7 kB)
/gallery/day-30 (46.8 kB)
/gallery/day-60 (38.3 kB)
/gallery/equal-z (32.2 kB)
/gallery/week-15 (32.4 kB)
/gallery/week-30 (32.4 kB)
/gallery/week-60 (32.4 kB)
/gallery/20-lanes (41.1 kB)
/gallery/dst-week (90.3 kB)
/gallery/month-15 (41.1 kB)
/gallery/month-30 (41.1 kB)
/gallery/month-60 (41.1 kB)
/gallery/200-lanes (128 kB)
/gallery/never-set (33.5 kB)
/gallery/every-zone (32.3 kB)
/gallery/two-layers (32.3 kB)
/gallery/single-lane (32.3 kB)
/gallery/adapter-caps (35.2 kB)
/gallery/full-day-gap (32.2 kB)
/gallery/default-zones (33 kB)
/gallery/schedule-apia (28.8 kB)
/gallery/schedule-fall (28.8 kB)
/gallery/sort-coverage (126 kB)
/gallery/adapter-weekly (33.9 kB)
/gallery/booking-in-gap (32.2 kB)
/gallery/highlight-rule (41.8 kB)
/gallery/schedule-empty (28.8 kB)
/gallery/interval-detail (39.2 kB)
/gallery/mixed-timezones (90.5 kB)
/gallery/schedule-layers (28.8 kB)
/gallery/schedule-spring (28.8 kB)
/gallery/adapter-overrides (34.8 kB)
/gallery/schedule-excluded (28.8 kB)
/gallery/schedule-midnight (28.8 kB)
/gallery/schedule-lord-howe (28.8 kB)
/gallery/schedule-every-zone (30.7 kB)
/gallery/schedule-incomplete (28.8 kB)
/gallery/incomplete-expansion (32.4 kB)
/gallery/schedule-side-by-side (33.3 kB)

Exported: .cache/dev-dist
Detected 1 process preventing Expo from exiting, forcefully exiting now.
  - /home/the-simian/.nvm/versions/node/v24.19.0/bin/node /home/the-simian/Simiancraft_Programming/Simiancraft/.react-native-roster-loop/issue-79/node_modules/nativewind/dist/metro/tailwind/v3/child.js
Focus offsets: labels 9010px; header 3745px.
73 |   });
74 |   await settle(page);
75 |   assert(headerFocused, 'Last header cell must receive focus');
76 |   const headerClipScrollLeft = await headerClip.evaluate((node) => node.scrollLeft);
77 |   console.log(`Focus offsets: labels ${labelClipScrollTop}px; header ${headerClipScrollLeft}px.`);
78 |   assert.deepEqual(
              ^
AssertionError: Expected values to be strictly deep-equal:
+ actual - expected

  {
+   headerClipScrollLeft: 3745,
+   labelClipScrollTop: 9010
-   headerClipScrollLeft: 0,
-   labelClipScrollTop: 0
  }

 generatedMessage: true,
     actual: {
  labelClipScrollTop: 9010,
  headerClipScrollLeft: 3745,
},
   expected: {
  labelClipScrollTop: 0,
  headerClipScrollLeft: 0,
},
   operator: "deepStrictEqual",
       diff: "simple",
       code: "ERR_ASSERTION"

      at /home/the-simian/Simiancraft_Programming/Simiancraft/.react-native-roster-loop/issue-79/scripts/check-web-performance.ts:78:10

Bun v1.4.2 (Linux x64)
error: script "check:web" exited with code 1
Counterfactual command exit code: 1
