$ bun run build:web:dev && bun scripts/check-web-performance.ts
$ cd demo && bunx expo export -p web --dev --output-dir .cache/dev-dist
React Compiler enabled
Starting Metro Bundler
Static rendering is enabled. Learn more: https://docs.expo.dev/router/reference/static-rendering/
Web node_modules/expo-router/entry.js ▓▓▓▓▓▓▓▓░░░░░░░░ 55.1% (470/633)
λ node_modules/expo-router/node/render.js ░░░░░░░░░░░░░░░░  0.0% (0/1)
λ Bundled 861ms node_modules/expo-router/node/render.js (1232 modules)
λ  WARN  Got a component with the name 'u' for the screen '__root'. React Components must start with an uppercase letter. If you're passing a regular function and not a component, pass it as children to 'Screen' instead. Otherwise capitalize your component's name. 
λ  WARN  Got a component with the name 'u' for the screen '__root'. React Components must start with an uppercase letter. If you're passing a regular function and not a component, pass it as children to 'Screen' instead. Otherwise capitalize your component's name. 
λ  WARN  Got a component with the name 'u' for the screen '__root'. React Components must start with an uppercase letter. If you're passing a regular function and not a component, pass it as children to 'Screen' instead. Otherwise capitalize your component's name. 
λ  WARN  Got a component with the name 'u' for the screen '__root'. React Components must start with an uppercase letter. If you're passing a regular function and not a component, pass it as children to 'Screen' instead. Otherwise capitalize your component's name. 
λ  WARN  Got a component with the name 'u' for the screen '__root'. React Components must start with an uppercase letter. If you're passing a regular function and not a component, pass it as children to 'Screen' instead. Otherwise capitalize your component's name. 
λ  WARN  Got a component with the name 'u' for the screen '__root'. React Components must start with an uppercase letter. If you're passing a regular function and not a component, pass it as children to 'Screen' instead. Otherwise capitalize your component's name. 
λ  WARN  Got a component with the name 'u' for the screen '__root'. React Components must start with an uppercase letter. If you're passing a regular function and not a component, pass it as children to 'Screen' instead. Otherwise capitalize your component's name. 
λ  WARN  Got a component with the name 'u' for the screen '__root'. React Components must start with an uppercase letter. If you're passing a regular function and not a component, pass it as children to 'Screen' instead. Otherwise capitalize your component's name. 
λ  WARN  Got a component with the name 'u' for the screen '__root'. React Components must start with an uppercase letter. If you're passing a regular function and not a component, pass it as children to 'Screen' instead. Otherwise capitalize your component's name. 
λ  WARN  Got a component with the name 'u' for the screen '__root'. React Components must start with an uppercase letter. If you're passing a regular function and not a component, pass it as children to 'Screen' instead. Otherwise capitalize your component's name. 
λ  WARN  Got a component with the name 'u' for the screen '__root'. React Components must start with an uppercase letter. If you're passing a regular function and not a component, pass it as children to 'Screen' instead. Otherwise capitalize your component's name. 
λ  WARN  Got a component with the name 'u' for the screen '__root'. React Components must start with an uppercase letter. If you're passing a regular function and not a component, pass it as children to 'Screen' instead. Otherwise capitalize your component's name. 
λ  WARN  Got a component with the name 'u' for the screen '__root'. React Components must start with an uppercase letter. If you're passing a regular function and not a component, pass it as children to 'Screen' instead. Otherwise capitalize your component's name. 
λ  WARN  Got a component with the name 'u' for the screen '__root'. React Components must start with an uppercase letter. If you're passing a regular function and not a component, pass it as children to 'Screen' instead. Otherwise capitalize your component's name. 
λ  WARN  Got a component with the name 'u' for the screen '__root'. React Components must start with an uppercase letter. If you're passing a regular function and not a component, pass it as children to 'Screen' instead. Otherwise capitalize your component's name. 
λ  WARN  Got a component with the name 'u' for the screen '__root'. React Components must start with an uppercase letter. If you're passing a regular function and not a component, pass it as children to 'Screen' instead. Otherwise capitalize your component's name. 
λ  WARN  Got a component with the name 'u' for the screen '__root'. React Components must start with an uppercase letter. If you're passing a regular function and not a component, pass it as children to 'Screen' instead. Otherwise capitalize your component's name. 
λ  WARN  Got a component with the name 'u' for the screen '__root'. React Components must start with an uppercase letter. If you're passing a regular function and not a component, pass it as children to 'Screen' instead. Otherwise capitalize your component's name. 
λ  WARN  Got a component with the name 'u' for the screen '__root'. React Components must start with an uppercase letter. If you're passing a regular function and not a component, pass it as children to 'Screen' instead. Otherwise capitalize your component's name. 
λ  WARN  Got a component with the name 'u' for the screen '__root'. React Components must start with an uppercase letter. If you're passing a regular function and not a component, pass it as children to 'Screen' instead. Otherwise capitalize your component's name. 
λ  WARN  Got a component with the name 'u' for the screen '__root'. React Components must start with an uppercase letter. If you're passing a regular function and not a component, pass it as children to 'Screen' instead. Otherwise capitalize your component's name. 
λ  WARN  Got a component with the name 'u' for the screen '__root'. React Components must start with an uppercase letter. If you're passing a regular function and not a component, pass it as children to 'Screen' instead. Otherwise capitalize your component's name. 
λ  WARN  Got a component with the name 'u' for the screen '__root'. React Components must start with an uppercase letter. If you're passing a regular function and not a component, pass it as children to 'Screen' instead. Otherwise capitalize your component's name. 
λ  WARN  Got a component with the name 'u' for the screen '__root'. React Components must start with an uppercase letter. If you're passing a regular function and not a component, pass it as children to 'Screen' instead. Otherwise capitalize your component's name. 
λ  WARN  Got a component with the name 'u' for the screen '__root'. React Components must start with an uppercase letter. If you're passing a regular function and not a component, pass it as children to 'Screen' instead. Otherwise capitalize your component's name. 
λ  WARN  Got a component with the name 'u' for the screen '__root'. React Components must start with an uppercase letter. If you're passing a regular function and not a component, pass it as children to 'Screen' instead. Otherwise capitalize your component's name. 
λ  WARN  Got a component with the name 'u' for the screen '__root'. React Components must start with an uppercase letter. If you're passing a regular function and not a component, pass it as children to 'Screen' instead. Otherwise capitalize your component's name. 
λ  WARN  Got a component with the name 'u' for the screen '__root'. React Components must start with an uppercase letter. If you're passing a regular function and not a component, pass it as children to 'Screen' instead. Otherwise capitalize your component's name. 
λ  WARN  Got a component with the name 'u' for the screen '__root'. React Components must start with an uppercase letter. If you're passing a regular function and not a component, pass it as children to 'Screen' instead. Otherwise capitalize your component's name. 
λ  WARN  Got a component with the name 'u' for the screen '__root'. React Components must start with an uppercase letter. If you're passing a regular function and not a component, pass it as children to 'Screen' instead. Otherwise capitalize your component's name. 
λ  WARN  Got a component with the name 'u' for the screen '__root'. React Components must start with an uppercase letter. If you're passing a regular function and not a component, pass it as children to 'Screen' instead. Otherwise capitalize your component's name. 
λ  WARN  Got a component with the name 'u' for the screen '__root'. React Components must start with an uppercase letter. If you're passing a regular function and not a component, pass it as children to 'Screen' instead. Otherwise capitalize your component's name. 
λ  WARN  Got a component with the name 'u' for the screen '__root'. React Components must start with an uppercase letter. If you're passing a regular function and not a component, pass it as children to 'Screen' instead. Otherwise capitalize your component's name. 
λ  WARN  Got a component with the name 'u' for the screen '__root'. React Components must start with an uppercase letter. If you're passing a regular function and not a component, pass it as children to 'Screen' instead. Otherwise capitalize your component's name. 
λ  WARN  Got a component with the name 'u' for the screen '__root'. React Components must start with an uppercase letter. If you're passing a regular function and not a component, pass it as children to 'Screen' instead. Otherwise capitalize your component's name. 
λ  WARN  Got a component with the name 'u' for the screen '__root'. React Components must start with an uppercase letter. If you're passing a regular function and not a component, pass it as children to 'Screen' instead. Otherwise capitalize your component's name. 
λ  WARN  Got a component with the name 'u' for the screen '__root'. React Components must start with an uppercase letter. If you're passing a regular function and not a component, pass it as children to 'Screen' instead. Otherwise capitalize your component's name. 
λ  WARN  Got a component with the name 'u' for the screen '__root'. React Components must start with an uppercase letter. If you're passing a regular function and not a component, pass it as children to 'Screen' instead. Otherwise capitalize your component's name. 
λ  WARN  Got a component with the name 'u' for the screen '__root'. React Components must start with an uppercase letter. If you're passing a regular function and not a component, pass it as children to 'Screen' instead. Otherwise capitalize your component's name. 
λ  WARN  Got a component with the name 'u' for the screen '__root'. React Components must start with an uppercase letter. If you're passing a regular function and not a component, pass it as children to 'Screen' instead. Otherwise capitalize your component's name. 
λ  WARN  Got a component with the name 'u' for the screen '__root'. React Components must start with an uppercase letter. If you're passing a regular function and not a component, pass it as children to 'Screen' instead. Otherwise capitalize your component's name. 
λ  WARN  Got a component with the name 'u' for the screen '__root'. React Components must start with an uppercase letter. If you're passing a regular function and not a component, pass it as children to 'Screen' instead. Otherwise capitalize your component's name. 
λ  WARN  Got a component with the name 'u' for the screen '__root'. React Components must start with an uppercase letter. If you're passing a regular function and not a component, pass it as children to 'Screen' instead. Otherwise capitalize your component's name. 
λ  WARN  Got a component with the name 'u' for the screen '__root'. React Components must start with an uppercase letter. If you're passing a regular function and not a component, pass it as children to 'Screen' instead. Otherwise capitalize your component's name. 
Web Bundled 1135ms node_modules/expo-router/entry.js (1377 modules)

› web bundles (2):
_expo/static/css/web-e55e570c6bcbbaf7b858d55a4ff8a7b5.css (16.8 kB)
_expo/static/js/web/entry-d41d8cd98f00b204e9800998ecf8427e.js (6.85 MB)

› Static routes (44):
/ (index) (50.3 kB)
/showcase (55.7 kB)
/_sitemap (21.3 kB)
/+not-found (21.3 kB)
/gallery/empty (27.9 kB)
/gallery/day-15 (63.7 kB)
/gallery/day-30 (46.8 kB)
/gallery/day-60 (38.3 kB)
/gallery/equal-z (32.2 kB)
/gallery/week-15 (32.4 kB)
/gallery/week-30 (32.4 kB)
/gallery/week-60 (32.4 kB)
/gallery/20-lanes (41.1 kB)
/gallery/dst-week (90.3 kB)
/gallery/month-15 (41.1 kB)
/gallery/month-30 (41.1 kB)
/gallery/month-60 (41.1 kB)
/gallery/200-lanes (128 kB)
/gallery/never-set (33.5 kB)
/gallery/every-zone (32.2 kB)
/gallery/two-layers (32.3 kB)
/gallery/single-lane (32.3 kB)
/gallery/adapter-caps (35.2 kB)
/gallery/full-day-gap (32.2 kB)
/gallery/default-zones (33 kB)
/gallery/schedule-apia (28.8 kB)
/gallery/schedule-fall (28.8 kB)
/gallery/sort-coverage (126 kB)
/gallery/adapter-weekly (33.9 kB)
/gallery/booking-in-gap (32.2 kB)
/gallery/highlight-rule (41.8 kB)
/gallery/schedule-empty (28.8 kB)
/gallery/interval-detail (39.2 kB)
/gallery/mixed-timezones (90.5 kB)
/gallery/schedule-layers (28.8 kB)
/gallery/schedule-spring (28.8 kB)
/gallery/adapter-overrides (34.8 kB)
/gallery/schedule-excluded (28.8 kB)
/gallery/schedule-midnight (28.8 kB)
/gallery/schedule-lord-howe (28.8 kB)
/gallery/schedule-every-zone (30.7 kB)
/gallery/schedule-incomplete (28.8 kB)
/gallery/incomplete-expansion (32.4 kB)
/gallery/schedule-side-by-side (33.3 kB)

Exported: .cache/dev-dist
Detected 1 process preventing Expo from exiting, forcefully exiting now.
  - /home/the-simian/.nvm/versions/node/v24.19.0/bin/node /home/the-simian/Simiancraft_Programming/Simiancraft/.react-native-roster-loop/issue-79/node_modules/nativewind/dist/metro/tailwind/v3/child.js
Focus clipping: labels stay aligned before and after wheel scrolling; header offset stays zero.
view-zone change: {"layout":{"runs":26,"cacheHits":0},"coverage":{"runs":200,"cacheHits":26},"expand":{"rules":1,"dates":1,"expanded":0,"cacheHits":2,"cacheMisses":0}}
scroll (second pass): {"layout":{"runs":0,"cacheHits":28},"coverage":{"runs":0,"cacheHits":28},"expand":{"rules":0,"dates":0,"expanded":0,"cacheHits":0,"cacheMisses":0}}
lane selection: {"layout":{"runs":0,"cacheHits":13},"coverage":{"runs":0,"cacheHits":13},"expand":{"rules":0,"dates":0,"expanded":0,"cacheHits":0,"cacheMisses":0}}
highlight: {"layout":{"runs":0,"cacheHits":26},"coverage":{"runs":0,"cacheHits":226},"expand":{"rules":0,"dates":0,"expanded":0,"cacheHits":0,"cacheMisses":0}}
sort: {"layout":{"runs":0,"cacheHits":0},"coverage":{"runs":0,"cacheHits":200},"expand":{"rules":0,"dates":0,"expanded":0,"cacheHits":0,"cacheMisses":0}}
unrelated lane-zone change: {"layout":{"runs":0,"cacheHits":26},"coverage":{"runs":0,"cacheHits":226},"expand":{"rules":1,"dates":1,"expanded":0,"cacheHits":2,"cacheMisses":0}}
rule body change: {"layout":{"runs":26,"cacheHits":0},"coverage":{"runs":200,"cacheHits":26},"expand":{"rules":1,"dates":1,"expanded":1,"cacheHits":1,"cacheMisses":1}}
next week outside all retained envelopes: {"layout":{"runs":26,"cacheHits":0},"coverage":{"runs":200,"cacheHits":26},"expand":{"rules":1,"dates":1,"expanded":2,"cacheHits":0,"cacheMisses":2}}
previous week inside retained envelope: {"layout":{"runs":0,"cacheHits":26},"coverage":{"runs":0,"cacheHits":226},"expand":{"rules":1,"dates":1,"expanded":0,"cacheHits":2,"cacheMisses":0}}
Web performance: all action budgets pass; 24-row viewport, 26 mounted lanes.
Selection: dismissal, keyboard focus return, outside pointer focus, and scroll alignment across layout switches pass.
LaneRow profiler: 14 continuously mounted lanes, zero updates on the second scroll pass; mount and update controls pass.
Selection profiler: zero mounted-row updates when opening details or dismissing on a cell.
