bun test v1.4.2 (744846f84)

test/components/component-slots.test.tsx:
react-test-renderer is deprecated. See https://react.dev/warnings/react-test-renderer
react-test-renderer is deprecated. See https://react.dev/warnings/react-test-renderer
react-test-renderer is deprecated. See https://react.dev/warnings/react-test-renderer

test/integration/provenance.test.ts:
react-test-renderer is deprecated. See https://react.dev/warnings/react-test-renderer
react-test-renderer is deprecated. See https://react.dev/warnings/react-test-renderer
react-test-renderer is deprecated. See https://react.dev/warnings/react-test-renderer
react-test-renderer is deprecated. See https://react.dev/warnings/react-test-renderer
react-test-renderer is deprecated. See https://react.dev/warnings/react-test-renderer
react-test-renderer is deprecated. See https://react.dev/warnings/react-test-renderer
react-test-renderer is deprecated. See https://react.dev/warnings/react-test-renderer
react-test-renderer is deprecated. See https://react.dev/warnings/react-test-renderer
react-test-renderer is deprecated. See https://react.dev/warnings/react-test-renderer
react-test-renderer is deprecated. See https://react.dev/warnings/react-test-renderer
react-test-renderer is deprecated. See https://react.dev/warnings/react-test-renderer
react-test-renderer is deprecated. See https://react.dev/warnings/react-test-renderer

test/integration/timezones.test.ts:
react-test-renderer is deprecated. See https://react.dev/warnings/react-test-renderer
react-test-renderer is deprecated. See https://react.dev/warnings/react-test-renderer
react-test-renderer is deprecated. See https://react.dev/warnings/react-test-renderer
react-test-renderer is deprecated. See https://react.dev/warnings/react-test-renderer
react-test-renderer is deprecated. See https://react.dev/warnings/react-test-renderer
react-test-renderer is deprecated. See https://react.dev/warnings/react-test-renderer
react-test-renderer is deprecated. See https://react.dev/warnings/react-test-renderer
react-test-renderer is deprecated. See https://react.dev/warnings/react-test-renderer
react-test-renderer is deprecated. See https://react.dev/warnings/react-test-renderer
react-test-renderer is deprecated. See https://react.dev/warnings/react-test-renderer
react-test-renderer is deprecated. See https://react.dev/warnings/react-test-renderer
react-test-renderer is deprecated. See https://react.dev/warnings/react-test-renderer

test/performance/workload.test.ts:
Workload W density: 70 total rects per lane per week (63 interval rects and 7 gap rects).
Workload W target-cold: layout 24 lanes 0.971 ms (baseline 2.195 ms); coverage 200 lanes 0.637 ms (baseline 1.412 ms); calibration 0.451x; 15-minute ticks.

test/demo/rule-set-draft.test.ts:
react-test-renderer is deprecated. See https://react.dev/warnings/react-test-renderer

test/demo/showcase-attendance.test.tsx:
react-test-renderer is deprecated. See https://react.dev/warnings/react-test-renderer
react-test-renderer is deprecated. See https://react.dev/warnings/react-test-renderer
react-test-renderer is deprecated. See https://react.dev/warnings/react-test-renderer
react-test-renderer is deprecated. See https://react.dev/warnings/react-test-renderer
react-test-renderer is deprecated. See https://react.dev/warnings/react-test-renderer
react-test-renderer is deprecated. See https://react.dev/warnings/react-test-renderer
react-test-renderer is deprecated. See https://react.dev/warnings/react-test-renderer
react-test-renderer is deprecated. See https://react.dev/warnings/react-test-renderer
react-test-renderer is deprecated. See https://react.dev/warnings/react-test-renderer
react-test-renderer is deprecated. See https://react.dev/warnings/react-test-renderer
react-test-renderer is deprecated. See https://react.dev/warnings/react-test-renderer
react-test-renderer is deprecated. See https://react.dev/warnings/react-test-renderer
react-test-renderer is deprecated. See https://react.dev/warnings/react-test-renderer
react-test-renderer is deprecated. See https://react.dev/warnings/react-test-renderer
react-test-renderer is deprecated. See https://react.dev/warnings/react-test-renderer
react-test-renderer is deprecated. See https://react.dev/warnings/react-test-renderer
react-test-renderer is deprecated. See https://react.dev/warnings/react-test-renderer
react-test-renderer is deprecated. See https://react.dev/warnings/react-test-renderer
react-test-renderer is deprecated. See https://react.dev/warnings/react-test-renderer
react-test-renderer is deprecated. See https://react.dev/warnings/react-test-renderer
react-test-renderer is deprecated. See https://react.dev/warnings/react-test-renderer
react-test-renderer is deprecated. See https://react.dev/warnings/react-test-renderer
react-test-renderer is deprecated. See https://react.dev/warnings/react-test-renderer
react-test-renderer is deprecated. See https://react.dev/warnings/react-test-renderer
react-test-renderer is deprecated. See https://react.dev/warnings/react-test-renderer
react-test-renderer is deprecated. See https://react.dev/warnings/react-test-renderer
react-test-renderer is deprecated. See https://react.dev/warnings/react-test-renderer
react-test-renderer is deprecated. See https://react.dev/warnings/react-test-renderer
react-test-renderer is deprecated. See https://react.dev/warnings/react-test-renderer
react-test-renderer is deprecated. See https://react.dev/warnings/react-test-renderer
react-test-renderer is deprecated. See https://react.dev/warnings/react-test-renderer
react-test-renderer is deprecated. See https://react.dev/warnings/react-test-renderer
react-test-renderer is deprecated. See https://react.dev/warnings/react-test-renderer
react-test-renderer is deprecated. See https://react.dev/warnings/react-test-renderer
react-test-renderer is deprecated. See https://react.dev/warnings/react-test-renderer
react-test-renderer is deprecated. See https://react.dev/warnings/react-test-renderer
react-test-renderer is deprecated. See https://react.dev/warnings/react-test-renderer
react-test-renderer is deprecated. See https://react.dev/warnings/react-test-renderer
react-test-renderer is deprecated. See https://react.dev/warnings/react-test-renderer
react-test-renderer is deprecated. See https://react.dev/warnings/react-test-renderer
react-test-renderer is deprecated. See https://react.dev/warnings/react-test-renderer
react-test-renderer is deprecated. See https://react.dev/warnings/react-test-renderer
react-test-renderer is deprecated. See https://react.dev/warnings/react-test-renderer
react-test-renderer is deprecated. See https://react.dev/warnings/react-test-renderer
react-test-renderer is deprecated. See https://react.dev/warnings/react-test-renderer
react-test-renderer is deprecated. See https://react.dev/warnings/react-test-renderer
react-test-renderer is deprecated. See https://react.dev/warnings/react-test-renderer

test/demo/schedule-fixture.test.ts:
react-test-renderer is deprecated. See https://react.dev/warnings/react-test-renderer

test/components/primitives/portal.test.tsx:
react-test-renderer is deprecated. See https://react.dev/warnings/react-test-renderer
react-test-renderer is deprecated. See https://react.dev/warnings/react-test-renderer

test/components/roster/render.test.ts:
react-test-renderer is deprecated. See https://react.dev/warnings/react-test-renderer
react-test-renderer is deprecated. See https://react.dev/warnings/react-test-renderer
react-test-renderer is deprecated. See https://react.dev/warnings/react-test-renderer
react-test-renderer is deprecated. See https://react.dev/warnings/react-test-renderer
react-test-renderer is deprecated. See https://react.dev/warnings/react-test-renderer
react-test-renderer is deprecated. See https://react.dev/warnings/react-test-renderer
react-test-renderer is deprecated. See https://react.dev/warnings/react-test-renderer
react-test-renderer is deprecated. See https://react.dev/warnings/react-test-renderer
react-test-renderer is deprecated. See https://react.dev/warnings/react-test-renderer
react-test-renderer is deprecated. See https://react.dev/warnings/react-test-renderer
react-test-renderer is deprecated. See https://react.dev/warnings/react-test-renderer
react-test-renderer is deprecated. See https://react.dev/warnings/react-test-renderer
react-test-renderer is deprecated. See https://react.dev/warnings/react-test-renderer
react-test-renderer is deprecated. See https://react.dev/warnings/react-test-renderer
react-test-renderer is deprecated. See https://react.dev/warnings/react-test-renderer
react-test-renderer is deprecated. See https://react.dev/warnings/react-test-renderer
react-test-renderer is deprecated. See https://react.dev/warnings/react-test-renderer
react-test-renderer is deprecated. See https://react.dev/warnings/react-test-renderer
react-test-renderer is deprecated. See https://react.dev/warnings/react-test-renderer
react-test-renderer is deprecated. See https://react.dev/warnings/react-test-renderer

test/components/roster/use-roster.test.ts:
react-test-renderer is deprecated. See https://react.dev/warnings/react-test-renderer
react-test-renderer is deprecated. See https://react.dev/warnings/react-test-renderer
react-test-renderer is deprecated. See https://react.dev/warnings/react-test-renderer
react-test-renderer is deprecated. See https://react.dev/warnings/react-test-renderer
react-test-renderer is deprecated. See https://react.dev/warnings/react-test-renderer
react-test-renderer is deprecated. See https://react.dev/warnings/react-test-renderer
react-test-renderer is deprecated. See https://react.dev/warnings/react-test-renderer
react-test-renderer is deprecated. See https://react.dev/warnings/react-test-renderer
react-test-renderer is deprecated. See https://react.dev/warnings/react-test-renderer
react-test-renderer is deprecated. See https://react.dev/warnings/react-test-renderer
react-test-renderer is deprecated. See https://react.dev/warnings/react-test-renderer
react-test-renderer is deprecated. See https://react.dev/warnings/react-test-renderer
react-test-renderer is deprecated. See https://react.dev/warnings/react-test-renderer
react-test-renderer is deprecated. See https://react.dev/warnings/react-test-renderer
react-test-renderer is deprecated. See https://react.dev/warnings/react-test-renderer
react-test-renderer is deprecated. See https://react.dev/warnings/react-test-renderer
react-test-renderer is deprecated. See https://react.dev/warnings/react-test-renderer
react-test-renderer is deprecated. See https://react.dev/warnings/react-test-renderer
react-test-renderer is deprecated. See https://react.dev/warnings/react-test-renderer
react-test-renderer is deprecated. See https://react.dev/warnings/react-test-renderer
react-test-renderer is deprecated. See https://react.dev/warnings/react-test-renderer
react-test-renderer is deprecated. See https://react.dev/warnings/react-test-renderer
react-test-renderer is deprecated. See https://react.dev/warnings/react-test-renderer
react-test-renderer is deprecated. See https://react.dev/warnings/react-test-renderer

test/components/roster/selection-layout.test.tsx:
react-test-renderer is deprecated. See https://react.dev/warnings/react-test-renderer
react-test-renderer is deprecated. See https://react.dev/warnings/react-test-renderer
react-test-renderer is deprecated. See https://react.dev/warnings/react-test-renderer
react-test-renderer is deprecated. See https://react.dev/warnings/react-test-renderer

test/components/schedule/use-schedule.test.ts:
react-test-renderer is deprecated. See https://react.dev/warnings/react-test-renderer
react-test-renderer is deprecated. See https://react.dev/warnings/react-test-renderer
react-test-renderer is deprecated. See https://react.dev/warnings/react-test-renderer
react-test-renderer is deprecated. See https://react.dev/warnings/react-test-renderer
react-test-renderer is deprecated. See https://react.dev/warnings/react-test-renderer
react-test-renderer is deprecated. See https://react.dev/warnings/react-test-renderer
react-test-renderer is deprecated. See https://react.dev/warnings/react-test-renderer
react-test-renderer is deprecated. See https://react.dev/warnings/react-test-renderer
react-test-renderer is deprecated. See https://react.dev/warnings/react-test-renderer
react-test-renderer is deprecated. See https://react.dev/warnings/react-test-renderer
react-test-renderer is deprecated. See https://react.dev/warnings/react-test-renderer
react-test-renderer is deprecated. See https://react.dev/warnings/react-test-renderer
react-test-renderer is deprecated. See https://react.dev/warnings/react-test-renderer
react-test-renderer is deprecated. See https://react.dev/warnings/react-test-renderer
react-test-renderer is deprecated. See https://react.dev/warnings/react-test-renderer
react-test-renderer is deprecated. See https://react.dev/warnings/react-test-renderer
react-test-renderer is deprecated. See https://react.dev/warnings/react-test-renderer
react-test-renderer is deprecated. See https://react.dev/warnings/react-test-renderer
react-test-renderer is deprecated. See https://react.dev/warnings/react-test-renderer
react-test-renderer is deprecated. See https://react.dev/warnings/react-test-renderer
react-test-renderer is deprecated. See https://react.dev/warnings/react-test-renderer
react-test-renderer is deprecated. See https://react.dev/warnings/react-test-renderer
react-test-renderer is deprecated. See https://react.dev/warnings/react-test-renderer
react-test-renderer is deprecated. See https://react.dev/warnings/react-test-renderer
react-test-renderer is deprecated. See https://react.dev/warnings/react-test-renderer
react-test-renderer is deprecated. See https://react.dev/warnings/react-test-renderer
react-test-renderer is deprecated. See https://react.dev/warnings/react-test-renderer
react-test-renderer is deprecated. See https://react.dev/warnings/react-test-renderer

test/components/schedule/render.test.ts:
react-test-renderer is deprecated. See https://react.dev/warnings/react-test-renderer
react-test-renderer is deprecated. See https://react.dev/warnings/react-test-renderer
react-test-renderer is deprecated. See https://react.dev/warnings/react-test-renderer
react-test-renderer is deprecated. See https://react.dev/warnings/react-test-renderer
react-test-renderer is deprecated. See https://react.dev/warnings/react-test-renderer
react-test-renderer is deprecated. See https://react.dev/warnings/react-test-renderer
react-test-renderer is deprecated. See https://react.dev/warnings/react-test-renderer
react-test-renderer is deprecated. See https://react.dev/warnings/react-test-renderer
react-test-renderer is deprecated. See https://react.dev/warnings/react-test-renderer
react-test-renderer is deprecated. See https://react.dev/warnings/react-test-renderer
react-test-renderer is deprecated. See https://react.dev/warnings/react-test-renderer
react-test-renderer is deprecated. See https://react.dev/warnings/react-test-renderer
react-test-renderer is deprecated. See https://react.dev/warnings/react-test-renderer
react-test-renderer is deprecated. See https://react.dev/warnings/react-test-renderer
react-test-renderer is deprecated. See https://react.dev/warnings/react-test-renderer
react-test-renderer is deprecated. See https://react.dev/warnings/react-test-renderer

 2541 pass
 0 fail
 31865 expect() calls
Ran 2541 tests across 31 files. [277.57s]
