Script started on 2026-09-20 20:33:21-05:00 [<not executed on terminal>]
b4d4bc2eab9b2383871ca76682727b6af11ed13a
bun test v1.4.2 (744846f84)

 17 pass
 0 fail
 105 expect() calls
Ran 17 tests across 1 file. [21.00ms]
$ tsgo --noEmit
$ tsgo --noEmit -p tsconfig.test.json
$ biome check
Checked 262 files in 52ms. No fixes applied.
bun test v1.4.2 (744846f84)

test/performance/workload.test.ts:
Workload W density: 70 total rects per lane per week (63 interval rects and 7 gap rects).
Workload W target-cold: layout 24 lanes 0.910 ms (baseline 2.070 ms); coverage 200 lanes 0.410 ms (baseline 1.063 ms); 15-minute ticks.

 2 pass
 0 fail
 349 expect() calls
Ran 2 tests across 1 file. [53.00ms]
bun test v1.4.2 (744846f84)

test/performance/workload.test.ts:
Workload W density: 70 total rects per lane per week (63 interval rects and 7 gap rects).
Workload W target-cold: layout 24 lanes 1.046 ms (baseline 2.070 ms); coverage 200 lanes 0.590 ms (baseline 1.063 ms); 15-minute ticks.

 2 pass
 0 fail
 349 expect() calls
Ran 2 tests across 1 file. [64.00ms]
bun test v1.4.2 (744846f84)

test/performance/workload.test.ts:
Workload W density: 70 total rects per lane per week (63 interval rects and 7 gap rects).
Workload W target-cold: layout 24 lanes 0.902 ms (baseline 2.070 ms); coverage 200 lanes 0.482 ms (baseline 1.063 ms); 15-minute ticks.

 2 pass
 0 fail
 349 expect() calls
Ran 2 tests across 1 file. [59.00ms]
bun test v1.4.2 (744846f84)

test/performance/workload.test.ts:
Workload W density: 70 total rects per lane per week (63 interval rects and 7 gap rects).
Workload W target-cold: layout 24 lanes 0.991 ms (baseline 2.070 ms); coverage 200 lanes 0.412 ms (baseline 1.063 ms); 15-minute ticks.

 2 pass
 0 fail
 349 expect() calls
Ran 2 tests across 1 file. [60.00ms]
bun test v1.4.2 (744846f84)

test/performance/workload.test.ts:
Workload W density: 70 total rects per lane per week (63 interval rects and 7 gap rects).
Workload W target-cold: layout 24 lanes 0.918 ms (baseline 2.070 ms); coverage 200 lanes 0.434 ms (baseline 1.063 ms); 15-minute ticks.

 2 pass
 0 fail
 349 expect() calls
Ran 2 tests across 1 file. [56.00ms]
bun test v1.4.2 (744846f84)

test/performance/workload.test.ts:
Workload W density: 70 total rects per lane per week (63 interval rects and 7 gap rects).
Workload W target-cold: layout 24 lanes 1.009 ms (baseline 2.070 ms); coverage 200 lanes 0.447 ms (baseline 1.063 ms); 15-minute ticks.

 2 pass
 0 fail
 349 expect() calls
Ran 2 tests across 1 file. [60.00ms]
bun test v1.4.2 (744846f84)

test/performance/workload.test.ts:
Workload W density: 70 total rects per lane per week (63 interval rects and 7 gap rects).
Workload W target-cold: layout 24 lanes 0.903 ms (baseline 2.070 ms); coverage 200 lanes 0.461 ms (baseline 1.063 ms); 15-minute ticks.

 2 pass
 0 fail
 349 expect() calls
Ran 2 tests across 1 file. [60.00ms]
bun test v1.4.2 (744846f84)

test/performance/workload.test.ts:
Workload W density: 70 total rects per lane per week (63 interval rects and 7 gap rects).
Workload W target-cold: layout 24 lanes 0.995 ms (baseline 2.070 ms); coverage 200 lanes 0.428 ms (baseline 1.063 ms); 15-minute ticks.

 2 pass
 0 fail
 349 expect() calls
Ran 2 tests across 1 file. [58.00ms]
bun test v1.4.2 (744846f84)

test/performance/workload.test.ts:
Workload W density: 70 total rects per lane per week (63 interval rects and 7 gap rects).
Workload W target-cold: layout 24 lanes 0.901 ms (baseline 2.070 ms); coverage 200 lanes 0.402 ms (baseline 1.063 ms); 15-minute ticks.

 2 pass
 0 fail
 349 expect() calls
Ran 2 tests across 1 file. [57.00ms]
bun test v1.4.2 (744846f84)

test/performance/workload.test.ts:
Workload W density: 70 total rects per lane per week (63 interval rects and 7 gap rects).
Workload W target-cold: layout 24 lanes 0.948 ms (baseline 2.070 ms); coverage 200 lanes 0.405 ms (baseline 1.063 ms); 15-minute ticks.

 2 pass
 0 fail
 349 expect() calls
Ran 2 tests across 1 file. [60.00ms]
bun test v1.4.2 (744846f84)

test/performance/workload.test.ts:
Workload W density: 70 total rects per lane per week (63 interval rects and 7 gap rects).
Workload W target-cold: layout 24 lanes 0.916 ms (baseline 2.070 ms); coverage 200 lanes 0.395 ms (baseline 1.063 ms); 15-minute ticks.

 2 pass
 0 fail
 349 expect() calls
Ran 2 tests across 1 file. [55.00ms]
bun test v1.4.2 (744846f84)

test/performance/workload.test.ts:
Workload W density: 70 total rects per lane per week (63 interval rects and 7 gap rects).
Workload W target-cold: layout 24 lanes 0.849 ms (baseline 2.070 ms); coverage 200 lanes 0.401 ms (baseline 1.063 ms); 15-minute ticks.

 2 pass
 0 fail
 349 expect() calls
Ran 2 tests across 1 file. [53.00ms]
bun test v1.4.2 (744846f84)

test/performance/workload.test.ts:
Workload W density: 70 total rects per lane per week (63 interval rects and 7 gap rects).
Workload W target-cold: layout 24 lanes 0.968 ms (baseline 2.070 ms); coverage 200 lanes 0.420 ms (baseline 1.063 ms); 15-minute ticks.

 2 pass
 0 fail
 349 expect() calls
Ran 2 tests across 1 file. [55.00ms]
bun test v1.4.2 (744846f84)

test/performance/workload.test.ts:
Workload W density: 70 total rects per lane per week (63 interval rects and 7 gap rects).
Workload W target-cold: layout 24 lanes 0.953 ms (baseline 2.070 ms); coverage 200 lanes 0.408 ms (baseline 1.063 ms); 15-minute ticks.

 2 pass
 0 fail
 349 expect() calls
Ran 2 tests across 1 file. [56.00ms]
bun test v1.4.2 (744846f84)

test/performance/workload.test.ts:
Workload W density: 70 total rects per lane per week (63 interval rects and 7 gap rects).
Workload W target-cold: layout 24 lanes 0.910 ms (baseline 2.070 ms); coverage 200 lanes 0.390 ms (baseline 1.063 ms); 15-minute ticks.

 2 pass
 0 fail
 349 expect() calls
Ran 2 tests across 1 file. [58.00ms]
bun test v1.4.2 (744846f84)

test/performance/workload.test.ts:
Workload W density: 70 total rects per lane per week (63 interval rects and 7 gap rects).
Workload W target-cold: layout 24 lanes 0.879 ms (baseline 2.070 ms); coverage 200 lanes 0.413 ms (baseline 1.063 ms); 15-minute ticks.

 2 pass
 0 fail
 349 expect() calls
Ran 2 tests across 1 file. [56.00ms]
bun test v1.4.2 (744846f84)

test/performance/workload.test.ts:
Workload W density: 70 total rects per lane per week (63 interval rects and 7 gap rects).
Workload W target-cold: layout 24 lanes 0.853 ms (baseline 2.070 ms); coverage 200 lanes 0.418 ms (baseline 1.063 ms); 15-minute ticks.

 2 pass
 0 fail
 349 expect() calls
Ran 2 tests across 1 file. [54.00ms]
bun test v1.4.2 (744846f84)

test/performance/workload.test.ts:
Workload W density: 70 total rects per lane per week (63 interval rects and 7 gap rects).
Workload W target-cold: layout 24 lanes 0.887 ms (baseline 2.070 ms); coverage 200 lanes 0.405 ms (baseline 1.063 ms); 15-minute ticks.

 2 pass
 0 fail
 349 expect() calls
Ran 2 tests across 1 file. [56.00ms]
bun test v1.4.2 (744846f84)

test/performance/workload.test.ts:
Workload W density: 70 total rects per lane per week (63 interval rects and 7 gap rects).
Workload W target-cold: layout 24 lanes 0.861 ms (baseline 2.070 ms); coverage 200 lanes 0.407 ms (baseline 1.063 ms); 15-minute ticks.

 2 pass
 0 fail
 349 expect() calls
Ran 2 tests across 1 file. [54.00ms]
bun test v1.4.2 (744846f84)

test/performance/workload.test.ts:
Workload W density: 70 total rects per lane per week (63 interval rects and 7 gap rects).
Workload W target-cold: layout 24 lanes 0.953 ms (baseline 2.070 ms); coverage 200 lanes 0.415 ms (baseline 1.063 ms); 15-minute ticks.

 2 pass
 0 fail
 349 expect() calls
Ran 2 tests across 1 file. [57.00ms]

Script done on 2026-09-20 20:33:23-05:00 [COMMAND_EXIT_CODE="0"]
